// Vitest Snapshot v1, https://vitest.dev/guide/snapshot.html

exports[`text output snapshot > known-bad fixture renders consistently 1`] = `
"
SKILL.md
  ✗    3  CW004  forbidden frontmatter field 'disable-model-invocation' = true
          Forces skill onto Cowork sub-agent path where Bash is filtered. Caused the v0.4.0 founder-skills incident.
          → Remove \`disable-model-invocation: true\` from frontmatter.

Summary: 1 error, 0 warn, 0 info  (spec: claude-app 1.6259.1)"
`;
