// Vitest Snapshot v1, https://vitest.dev/guide/snapshot.html

exports[`text output snapshot > known-bad fixture renders consistently 1`] = `
"
SKILL.md
  ✗    3  CW004  frontmatter field 'disable-model-invocation: true' blocks model-driven invocation of this skill
          Verified against Claude Code CLI 2.1.138: when set to true, the runtime blocks model-driven invocation by returning \`skill_invoke_model_disabled\` (an internal bypass path exists but is not user-controllable in normal use). Almost certainly not what you want for a published skill.
          → Remove \`disable-model-invocation: true\` from the frontmatter (the default is false).

Summary: 1 error, 0 warn, 0 info  (spec: claude-app 1.6608.2)"
`;
